Envvar '' (#2): name cannot be blank; desc cannot be blank