environment variable NAME_1 must be set
environment variable NAME_2 must be set