envvars:
- name: ECHO
  desc: ""
  example: Hello World
