environment variable ENVVAR_1 is not defined. Variable description: Desc of ENVVAR_1
environment variable ENVVAR_2 is empty
environment variable ENVVAR_3 is not defined
