envvars:
- name: ENVVAR_1
  desc: desc of ENVVAR_1
